public open class ForLoop {
    companion object {
        public fun factorial(p0: Int): Int {
            var value: Int = 1
            var result: Int = 1
            while (value <= p0) {
                val value2: Int = result * value
                value++
                result = value2
            }
            return result
        }
    }
}
