public open class NestedLoopBranches {
    companion object {
        public fun compute(values: IntArray, valueses: Array<IntArray?>, p2: Int): Int {
            var index: Int = 0
            var total: Int = 0
            while (index < values.size) {
                if (values[index] >= 0) {
                    val values2: IntArray? = valueses[index]
                    var index2: Int = 0
                    while (index2 < values2!!.size) {
                        val step: Int = values2[index2]
                        if (step == p2) {
                            return total + step
                        }
                        if (step % 2 != 0) {
                            total += step
                            if (total > 1000) {
                                break
                            }
                        }
                        index2++
                    }
                    if (total > 1000) {
                        return total
                    }
                }
                index++
            }
            return total
        }
    }
}
