public open class SimpleLoop {
    companion object {
        public fun sum(p0: Int): Int {
            var value: Int = 0
            var result: Int = 0
            while (value < p0) {
                val value2: Int = result + value
                value++
                result = value2
            }
            return result
        }
    }
}
